28 31
WWWWWWWWWWWWWWWWWWWWWWWWWWWW;
W............WW............W;
W.WWWW.WWWWW.WW.WWWWW.WWWW.W;
W*W  W.W   W.WW.W   W.W  W*W;
W.WWWW.WWWWW.WW.WWWWW.WWWW.W;
W..........................W;
W.WWWW.WW.WWWWWWWW.WW.WWWW.W;
W.WWWW.WW.WWWWWWWW.WW.WWWW.W;
W......WW....WW....WW......W;
WWWWWW.WWWWW WW WWWWW.WWWWWW;
     W.WWWWW WW WWWWW.W     ;
     W.WW    CG    WW.W     ;
     W.WW WWWDDWWW WW.W     ;
WWWWWW.WW WWW  WWW WW.WWWWWW;
T     .   DG  G GD   .     T;
WWWWWW.WW WWWWWWWW WW.WWWWWW;
     W.WW WWWWWWWW WW.W     ;
     W.WW    C     WW.W     ;
     W.WW WWWWWWWW WW.W     ;
WWWWWW.WW WWWWWWWW WW.WWWWWW;
W............WW............W;
W.WWWW.WWWWW.WW.WWWWW.WWWW.W;
W.WWWW.WWWWW.WW.WWWWW.WWWW.W;
W*..WW....... P.......WW..*W;
WWW.WW.WW.WWWWWWWW.WW.WW.WWW;
WWW.WW.WW.WWWWWWWW.WW.WW.WWW;
W......WW....WW....WW......W;
W.WWWWWWWWWW.WW.WWWWWWWWWW.W;
W.WWWWWWWWWW.WW.WWWWWWWWWW.W;
W..........................W;
WWWWWWWWWWWWWWWWWWWWWWWWWWWW;
12 11 0
15 11 0
12 23 0
15 23 0
6 14 3
21 14 1
18 14 3
9 14 1
13 11 2
14 11 2
